FSM 1 : VALID TRANSITION GRAPH

000010000 : FSM STATE NOT REACHABLE FROM OUTSIDE.

   OUTGOING TRANSITIONS:
      100000000
      001000000
      000100000
      000000001

   INCOMING TRANSITIONS:
      000001000
      000100000


000100000 : FSM STATE NOT REACHABLE FROM OUTSIDE.

   OUTGOING TRANSITIONS:
      000010000

   INCOMING TRANSITIONS:
      000010000


100000000 : FSM STATE NOT REACHABLE FROM OUTSIDE.

   OUTGOING TRANSITIONS:
      000000001

   INCOMING TRANSITIONS:
      000010000
      010000000


000000001 : STATE IS REACHABLE FROM OUTSIDE.

   OUTGOING TRANSITIONS:
      000000010

   INCOMING TRANSITIONS:
      000010000
      100000000


000000010 : FSM STATE NOT REACHABLE FROM OUTSIDE.

   OUTGOING TRANSITIONS:
      000000100

   INCOMING TRANSITIONS:
      000000001


000000100 : FSM STATE NOT REACHABLE FROM OUTSIDE.

   OUTGOING TRANSITIONS:
      000001000

   INCOMING TRANSITIONS:
      000000010


000001000 : FSM STATE NOT REACHABLE FROM OUTSIDE.

   OUTGOING TRANSITIONS:
      000010000

   INCOMING TRANSITIONS:
      000000100


001000000 : FSM STATE NOT REACHABLE FROM OUTSIDE.

   OUTGOING TRANSITIONS:
      010000000

   INCOMING TRANSITIONS:
      000010000
      010000000


010000000 : FSM STATE NOT REACHABLE FROM OUTSIDE.

   OUTGOING TRANSITIONS:
      100000000
      001000000

   INCOMING TRANSITIONS:
      001000000


